// Jest Snapshot v1, https://goo.gl/fbAQLP

exports[`Verify LoopSvg Test the render method 1`] = `
<ContextConsumer>
  <Component />
</ContextConsumer>
`;
