// Jest Snapshot v1, https://goo.gl/fbAQLP

exports[`Verify MenuBar Test the render method 1`] = `
<NavbarCollapse>
  <Styled(NavDropdown)
    title="Template"
  >
    <DropdownItem
      as={
        Object {
          "$$typeof": Symbol(react.forward_ref),
          "attrs": Array [],
          "componentStyle": ComponentStyle {
            "componentId": "sc-eNQAEJ",
            "isStatic": false,
            "rules": Array [
              "
	color: ",
              [Function],
              ";
	background-color: ",
              [Function],
              ";
	font-weight: normal;
	display: block;
	width: 100%;
	padding: .25rem 1.5rem;
	clear: both;
	text-align: inherit;
	white-space: nowrap;
	border: 0;
	:hover {
		text-decoration: none;
		background-color: ",
              [Function],
              ";
		color:  ",
              [Function],
              ";
	}
",
            ],
          },
          "displayName": "Styled(Link)",
          "foldedComponentIds": Array [],
          "render": [Function],
          "styledComponentId": "sc-eNQAEJ",
          "target": [Function],
          "toString": [Function],
          "warnTooManyClasses": [Function],
          "withComponent": [Function],
        }
      }
      disabled={false}
      to="/viewToscaModals"
    >
      View Tosca Model
    </DropdownItem>
    <DropdownItem
      as={
        Object {
          "$$typeof": Symbol(react.forward_ref),
          "attrs": Array [],
          "componentStyle": ComponentStyle {
            "componentId": "sc-eNQAEJ",
            "isStatic": false,
            "rules": Array [
              "
	color: ",
              [Function],
              ";
	background-color: ",
              [Function],
              ";
	font-weight: normal;
	display: block;
	width: 100%;
	padding: .25rem 1.5rem;
	clear: both;
	text-align: inherit;
	white-space: nowrap;
	border: 0;
	:hover {
		text-decoration: none;
		background-color: ",
              [Function],
              ";
		color:  ",
              [Function],
              ";
	}
",
            ],
          },
          "displayName": "Styled(Link)",
          "foldedComponentIds": Array [],
          "render": [Function],
          "styledComponentId": "sc-eNQAEJ",
          "target": [Function],
          "toString": [Function],
          "warnTooManyClasses": [Function],
          "withComponent": [Function],
        }
      }
      disabled={false}
      to="/viewBPTempls"
    >
      View Blue Print Templates
    </DropdownItem>
  </Styled(NavDropdown)>
  <Styled(NavDropdown)
    title="Closed Loop"
  >
    <DropdownItem
      as={
        Object {
          "$$typeof": Symbol(react.forward_ref),
          "attrs": Array [],
          "componentStyle": ComponentStyle {
            "componentId": "sc-eNQAEJ",
            "isStatic": false,
            "rules": Array [
              "
	color: ",
              [Function],
              ";
	background-color: ",
              [Function],
              ";
	font-weight: normal;
	display: block;
	width: 100%;
	padding: .25rem 1.5rem;
	clear: both;
	text-align: inherit;
	white-space: nowrap;
	border: 0;
	:hover {
		text-decoration: none;
		background-color: ",
              [Function],
              ";
		color:  ",
              [Function],
              ";
	}
",
            ],
          },
          "displayName": "Styled(Link)",
          "foldedComponentIds": Array [],
          "render": [Function],
          "styledComponentId": "sc-eNQAEJ",
          "target": [Function],
          "toString": [Function],
          "warnTooManyClasses": [Function],
          "withComponent": [Function],
        }
      }
      disabled={false}
      to="/openLoop"
    >
      Open CL
    </DropdownItem>
    <DropdownItem
      as={
        Object {
          "$$typeof": Symbol(react.forward_ref),
          "attrs": Array [],
          "componentStyle": ComponentStyle {
            "componentId": "sc-eNQAEJ",
            "isStatic": false,
            "rules": Array [
              "
	color: ",
              [Function],
              ";
	background-color: ",
              [Function],
              ";
	font-weight: normal;
	display: block;
	width: 100%;
	padding: .25rem 1.5rem;
	clear: both;
	text-align: inherit;
	white-space: nowrap;
	border: 0;
	:hover {
		text-decoration: none;
		background-color: ",
              [Function],
              ";
		color:  ",
              [Function],
              ";
	}
",
            ],
          },
          "displayName": "Styled(Link)",
          "foldedComponentIds": Array [],
          "render": [Function],
          "styledComponentId": "sc-eNQAEJ",
          "target": [Function],
          "toString": [Function],
          "warnTooManyClasses": [Function],
          "withComponent": [Function],
        }
      }
      disabled={true}
      to="/loopProperties"
    >
      Properties CL
    </DropdownItem>
    <DropdownItem
      as={
        Object {
          "$$typeof": Symbol(react.forward_ref),
          "attrs": Array [],
          "componentStyle": ComponentStyle {
            "componentId": "sc-eNQAEJ",
            "isStatic": false,
            "rules": Array [
              "
	color: ",
              [Function],
              ";
	background-color: ",
              [Function],
              ";
	font-weight: normal;
	display: block;
	width: 100%;
	padding: .25rem 1.5rem;
	clear: both;
	text-align: inherit;
	white-space: nowrap;
	border: 0;
	:hover {
		text-decoration: none;
		background-color: ",
              [Function],
              ";
		color:  ",
              [Function],
              ";
	}
",
            ],
          },
          "displayName": "Styled(Link)",
          "foldedComponentIds": Array [],
          "render": [Function],
          "styledComponentId": "sc-eNQAEJ",
          "target": [Function],
          "toString": [Function],
          "warnTooManyClasses": [Function],
          "withComponent": [Function],
        }
      }
      disabled={true}
      to="/closeLoop"
    >
      Close Model
    </DropdownItem>
  </Styled(NavDropdown)>
  <Styled(NavDropdown)
    title="Manage"
  >
    <DropdownItem
      as={
        Object {
          "$$typeof": Symbol(react.forward_ref),
          "attrs": Array [],
          "componentStyle": ComponentStyle {
            "componentId": "sc-eNQAEJ",
            "isStatic": false,
            "rules": Array [
              "
	color: ",
              [Function],
              ";
	background-color: ",
              [Function],
              ";
	font-weight: normal;
	display: block;
	width: 100%;
	padding: .25rem 1.5rem;
	clear: both;
	text-align: inherit;
	white-space: nowrap;
	border: 0;
	:hover {
		text-decoration: none;
		background-color: ",
              [Function],
              ";
		color:  ",
              [Function],
              ";
	}
",
            ],
          },
          "displayName": "Styled(Link)",
          "foldedComponentIds": Array [],
          "render": [Function],
          "styledComponentId": "sc-eNQAEJ",
          "target": [Function],
          "toString": [Function],
          "warnTooManyClasses": [Function],
          "withComponent": [Function],
        }
      }
      disabled={true}
      to="/submit"
    >
      Submit
    </DropdownItem>
    <DropdownItem
      as={
        Object {
          "$$typeof": Symbol(react.forward_ref),
          "attrs": Array [],
          "componentStyle": ComponentStyle {
            "componentId": "sc-eNQAEJ",
            "isStatic": false,
            "rules": Array [
              "
	color: ",
              [Function],
              ";
	background-color: ",
              [Function],
              ";
	font-weight: normal;
	display: block;
	width: 100%;
	padding: .25rem 1.5rem;
	clear: both;
	text-align: inherit;
	white-space: nowrap;
	border: 0;
	:hover {
		text-decoration: none;
		background-color: ",
              [Function],
              ";
		color:  ",
              [Function],
              ";
	}
",
            ],
          },
          "displayName": "Styled(Link)",
          "foldedComponentIds": Array [],
          "render": [Function],
          "styledComponentId": "sc-eNQAEJ",
          "target": [Function],
          "toString": [Function],
          "warnTooManyClasses": [Function],
          "withComponent": [Function],
        }
      }
      disabled={true}
      to="/stop"
    >
      Stop
    </DropdownItem>
    <DropdownItem
      as={
        Object {
          "$$typeof": Symbol(react.forward_ref),
          "attrs": Array [],
          "componentStyle": ComponentStyle {
            "componentId": "sc-eNQAEJ",
            "isStatic": false,
            "rules": Array [
              "
	color: ",
              [Function],
              ";
	background-color: ",
              [Function],
              ";
	font-weight: normal;
	display: block;
	width: 100%;
	padding: .25rem 1.5rem;
	clear: both;
	text-align: inherit;
	white-space: nowrap;
	border: 0;
	:hover {
		text-decoration: none;
		background-color: ",
              [Function],
              ";
		color:  ",
              [Function],
              ";
	}
",
            ],
          },
          "displayName": "Styled(Link)",
          "foldedComponentIds": Array [],
          "render": [Function],
          "styledComponentId": "sc-eNQAEJ",
          "target": [Function],
          "toString": [Function],
          "warnTooManyClasses": [Function],
          "withComponent": [Function],
        }
      }
      disabled={true}
      to="/restart"
    >
      Restart
    </DropdownItem>
    <DropdownItem
      as={
        Object {
          "$$typeof": Symbol(react.forward_ref),
          "attrs": Array [],
          "componentStyle": ComponentStyle {
            "componentId": "sc-eNQAEJ",
            "isStatic": false,
            "rules": Array [
              "
	color: ",
              [Function],
              ";
	background-color: ",
              [Function],
              ";
	font-weight: normal;
	display: block;
	width: 100%;
	padding: .25rem 1.5rem;
	clear: both;
	text-align: inherit;
	white-space: nowrap;
	border: 0;
	:hover {
		text-decoration: none;
		background-color: ",
              [Function],
              ";
		color:  ",
              [Function],
              ";
	}
",
            ],
          },
          "displayName": "Styled(Link)",
          "foldedComponentIds": Array [],
          "render": [Function],
          "styledComponentId": "sc-eNQAEJ",
          "target": [Function],
          "toString": [Function],
          "warnTooManyClasses": [Function],
          "withComponent": [Function],
        }
      }
      disabled={true}
      to="/delete"
    >
      Delete
    </DropdownItem>
    <DropdownItem
      as={
        Object {
          "$$typeof": Symbol(react.forward_ref),
          "attrs": Array [],
          "componentStyle": ComponentStyle {
            "componentId": "sc-eNQAEJ",
            "isStatic": false,
            "rules": Array [
              "
	color: ",
              [Function],
              ";
	background-color: ",
              [Function],
              ";
	font-weight: normal;
	display: block;
	width: 100%;
	padding: .25rem 1.5rem;
	clear: both;
	text-align: inherit;
	white-space: nowrap;
	border: 0;
	:hover {
		text-decoration: none;
		background-color: ",
              [Function],
              ";
		color:  ",
              [Function],
              ";
	}
",
            ],
          },
          "displayName": "Styled(Link)",
          "foldedComponentIds": Array [],
          "render": [Function],
          "styledComponentId": "sc-eNQAEJ",
          "target": [Function],
          "toString": [Function],
          "warnTooManyClasses": [Function],
          "withComponent": [Function],
        }
      }
      disabled={true}
      to="/deploy"
    >
      Deploy
    </DropdownItem>
    <DropdownItem
      as={
        Object {
          "$$typeof": Symbol(react.forward_ref),
          "attrs": Array [],
          "componentStyle": ComponentStyle {
            "componentId": "sc-eNQAEJ",
            "isStatic": false,
            "rules": Array [
              "
	color: ",
              [Function],
              ";
	background-color: ",
              [Function],
              ";
	font-weight: normal;
	display: block;
	width: 100%;
	padding: .25rem 1.5rem;
	clear: both;
	text-align: inherit;
	white-space: nowrap;
	border: 0;
	:hover {
		text-decoration: none;
		background-color: ",
              [Function],
              ";
		color:  ",
              [Function],
              ";
	}
",
            ],
          },
          "displayName": "Styled(Link)",
          "foldedComponentIds": Array [],
          "render": [Function],
          "styledComponentId": "sc-eNQAEJ",
          "target": [Function],
          "toString": [Function],
          "warnTooManyClasses": [Function],
          "withComponent": [Function],
        }
      }
      disabled={true}
      to="/undeploy"
    >
      UnDeploy
    </DropdownItem>
  </Styled(NavDropdown)>
  <Styled(NavDropdown)
    title="View"
  >
    <DropdownItem
      as={
        Object {
          "$$typeof": Symbol(react.forward_ref),
          "attrs": Array [],
          "componentStyle": ComponentStyle {
            "componentId": "sc-eNQAEJ",
            "isStatic": false,
            "rules": Array [
              "
	color: ",
              [Function],
              ";
	background-color: ",
              [Function],
              ";
	font-weight: normal;
	display: block;
	width: 100%;
	padding: .25rem 1.5rem;
	clear: both;
	text-align: inherit;
	white-space: nowrap;
	border: 0;
	:hover {
		text-decoration: none;
		background-color: ",
              [Function],
              ";
		color:  ",
              [Function],
              ";
	}
",
            ],
          },
          "displayName": "Styled(Link)",
          "foldedComponentIds": Array [],
          "render": [Function],
          "styledComponentId": "sc-eNQAEJ",
          "target": [Function],
          "toString": [Function],
          "warnTooManyClasses": [Function],
          "withComponent": [Function],
        }
      }
      disabled={true}
      to="/refreshStatus"
    >
      Refresh Status
    </DropdownItem>
  </Styled(NavDropdown)>
  <Styled(NavDropdown)
    title="Help"
  >
    <Styled(NavLink)
      href="https://wiki.onap.org/"
      target="_blank"
    >
      Wiki
    </Styled(NavLink)>
    <Styled(NavLink)
      href="mailto:onap-discuss@lists.onap.org?subject=CLAMP&body=Please send us suggestions or feature enhancements or defect. If possible, please send us the steps to replicate any defect."
    >
      Contact Us
    </Styled(NavLink)>
    <DropdownItem
      as={
        Object {
          "$$typeof": Symbol(react.forward_ref),
          "attrs": Array [],
          "componentStyle": ComponentStyle {
            "componentId": "sc-eNQAEJ",
            "isStatic": false,
            "rules": Array [
              "
	color: ",
              [Function],
              ";
	background-color: ",
              [Function],
              ";
	font-weight: normal;
	display: block;
	width: 100%;
	padding: .25rem 1.5rem;
	clear: both;
	text-align: inherit;
	white-space: nowrap;
	border: 0;
	:hover {
		text-decoration: none;
		background-color: ",
              [Function],
              ";
		color:  ",
              [Function],
              ";
	}
",
            ],
          },
          "displayName": "Styled(Link)",
          "foldedComponentIds": Array [],
          "render": [Function],
          "styledComponentId": "sc-eNQAEJ",
          "target": [Function],
          "toString": [Function],
          "warnTooManyClasses": [Function],
          "withComponent": [Function],
        }
      }
      disabled={false}
      to="/userInfo"
    >
      User Info
    </DropdownItem>
  </Styled(NavDropdown)>
</NavbarCollapse>
`;
