{"service":"StringMatchingConfiguration","location":"Edge","uuid":"TestUUID","policyName":"example_model06.ClosedLoop_FRWL_SIG_fad4dcae_e498_11e6_852e_0050568c4ccf_StringMatch_","description":"from clds","configName":"com.att.d2.policy.StringMatchingConfiguration","templateVersion":"1604","priority":"4","version":"1610","policyScope":"resource=F5,service=vSCP,type=configuration,closedLoopControlName=vSCP_F5_Firewall_d925ed73-8231-4d02-9545-db4e101f88f8","content":{"serviceConfigurations":{"Item1":{"rulegroup":"1493749598520","closedLoopControlName":"ClosedLoop_FRWL_SIG_fad4dcae_e498_11e6_852e_0050568c4ccf_1","aaiMatchingFields":["complex.city","vserver.vserver-name"],"aaiSendFields":["complex.city","vserver.vserver-name"],"stringSet":["eventSeverity","WARNING","alarmCondition","Reports a transient alarm condition when an outgoing Ro message send fails"],"timeWindow":"100","ageLimit":"100","createClosedLoopEventId":"Initial","outputEventName":"ONSET"},"Item2":{"rulegroup":"1493749665149","closedLoopControlName":"ClosedLoop_FRWL_SIG_fad4dcae_e498_11e6_852e_0050568c4ccf_2","aaiMatchingFields":["cloud-region.identity-url","vserver.vserver-name"],"aaiSendFields":["cloud-region.identity-url","vserver.vserver-name"],"stringSet":["eventSeverity","WARNING","alarmCondition","Reports a transient alarm condition when an outgoing Ro message send fails"],"timeWindow":"1000","ageLimit":"1000","createClosedLoopEventId":"Initial","outputEventName":"ONSET"},"Item3":{"rulegroup":"1493749665149","closedLoopControlName":"ClosedLoop_FRWL_SIG_fad4dcae_e498_11e6_852e_0050568c4ccf_2","aaiMatchingFields":["generic-vnf.vnf-name","vserver.vserver-name"],"aaiSendFields":["generic-vnf.vnf-name","vserver.vserver-name"],"stringSet":["eventSeverity","WARNING","alarmCondition","Reports a transient alarm condition when an outgoing Ro message send fails"],"timeWindow":"3000","ageLimit":"3000","createClosedLoopEventId":"Initial","outputEventName":"ABATED"}}}}